getaddrinfo:  No address associated with hostname
Timeout: No Response from udp6:[aaaa::fdff:ffff:ffff:ffff].
