IF-MIB::ifIndex.2 = INTEGER: 2
ated with hostname
